******************************************************************************
                  TI ARM Linker Unix v20.2.4                   
******************************************************************************
>> Linked Thu Feb  4 11:42:35 2021

OUTPUT FILE NAME:   <Display.out>
ENTRY POINT SYMBOL: "_c_int00_noinit_noargs"  address: 00000e81


MEMORY CONFIGURATION

         name            origin    length      used     unused   attr    fill
----------------------  --------  ---------  --------  --------  ----  --------
  FLASH                 00000000   00040000  00000f31  0003f0cf  R  X
  SRAM                  20000000   00008000  00000200  00007e00  RW X


SEGMENT ALLOCATION MAP

run origin  load origin   length   init length attrs members
----------  ----------- ---------- ----------- ----- -------
00000000    00000000    00000f31   00000f31    r-x
  00000000    00000000    0000026c   0000026c    r-- .intvecs
  0000026c    0000026c    00000cb4   00000cb4    r-x .text
  00000f20    00000f20    00000011   00000011    r-- .const
20000000    20000000    00000200   00000000    rw-
  20000000    20000000    00000200   00000000    rw- .stack


SECTION ALLOCATION MAP

 output                                  attributes/
section   page    origin      length       input sections
--------  ----  ----------  ----------   ----------------
.intvecs   0    00000000    0000026c     
                  00000000    0000026c     tm4c123gh6pm_startup_ccs.obj (.intvecs)

.text      0    0000026c    00000cb4     
                  0000026c    000007c0     gpio.obj (.text)
                  00000a2c    000003b6     display.obj (.text)
                  00000de2    0000009c     rtsv7M4_T_le_v4SPD16_eabi.lib : memcpy_t2.asm.obj (.text)
                  00000e7e    00000002     --HOLE-- [fill = 0]
                  00000e80    0000002c                                   : boot_cortex_m.c.obj (.text:_c_int00_noinit_noargs:_c_int00_noinit_noargs)
                  00000eac    0000002c     main.obj (.text)
                  00000ed8    00000024     wait.obj (.text)
                  00000efc    00000010     clock.obj (.text)
                  00000f0c    0000000c     tm4c123gh6pm_startup_ccs.obj (.text)
                  00000f18    00000004     rtsv7M4_T_le_v4SPD16_eabi.lib : pre_init.c.obj (.text:_system_pre_init)
                  00000f1c    00000004                                   : exit.c.obj (.text:abort:abort)

.const     0    00000f20    00000011     
                  00000f20    00000011     main.obj (.const:.string:$P$T0$1)

.cinit     0    00000000    00000000     UNINITIALIZED

.init_array 
*          0    00000000    00000000     UNINITIALIZED

.stack     0    20000000    00000200     UNINITIALIZED
                  20000000    00000004     rtsv7M4_T_le_v4SPD16_eabi.lib : boot_cortex_m.c.obj (.stack)
                  20000004    000001fc     --HOLE--

__llvm_prf_cnts 
*          0    20000000    00000000     UNINITIALIZED

MODULE SUMMARY

       Module                         code   ro data   rw data
       ------                         ----   -------   -------
    ./
       gpio.obj                       1984   0         0      
       display.obj                    950    0         0      
       tm4c123gh6pm_startup_ccs.obj   12     620       0      
       main.obj                       44     17        0      
       wait.obj                       36     0         0      
       clock.obj                      16     0         0      
    +--+------------------------------+------+---------+---------+
       Total:                         3042   637       0      
                                                              
    /Applications/ti/ccs1020/ccs/tools/compiler/ti-cgt-arm_20.2.4.LTS/lib/rtsv7M4_T_le_v4SPD16_eabi.lib
       memcpy_t2.asm.obj              156    0         0      
       boot_cortex_m.c.obj            44     0         0      
       exit.c.obj                     4      0         0      
       pre_init.c.obj                 4      0         0      
    +--+------------------------------+------+---------+---------+
       Total:                         208    0         0      
                                                              
       Stack:                         0      0         512    
    +--+------------------------------+------+---------+---------+
       Grand Total:                   3250   637       512    


GLOBAL SYMBOLS: SORTED ALPHABETICALLY BY Name 

address   name                         
-------   ----                         
00000f1d  C$$EXIT                      
00000f0d  ResetISR                     
20000200  __STACK_END                  
00000200  __STACK_SIZE                 
20000200  __STACK_TOP                  
ffffffff  __TI_pprof_out_hndl          
ffffffff  __TI_prof_data_size          
ffffffff  __TI_prof_data_start         
00000000  __TI_static_base__           
00000de3  __aeabi_memcpy               
00000de3  __aeabi_memcpy4              
00000de3  __aeabi_memcpy8              
ffffffff  __binit__                    
ffffffff  __c_args__                   
UNDEFED   __mpu_init                   
20000000  __stack                      
20000000  __start___llvm_prf_cnts      
20000000  __stop___llvm_prf_cnts       
00000e81  _c_int00_noinit_noargs       
00000f19  _system_pre_init             
00000f1d  abort                        
ffffffff  binit                        
0000089d  disablePinInterrupt          
000005d5  disablePinPulldown           
0000058d  disablePinPullup             
00000329  disablePort                  
00000879  enablePinInterrupt           
000005b1  enablePinPulldown            
0000055f  enablePinPullup              
0000026d  enablePort                   
00000000  g_pfnVectors                 
000008e7  getPinValue                  
0000099d  getPortValue                 
00000a2d  initDisp                     
00000ead  initHw                       
00000efd  initSystemClockTo40Mhz       
00000eb5  main                         
00000de3  memcpy                       
00000b97  readData                     
00000493  selectPinAnalogInput         
00000445  selectPinDigitalInput        
000007af  selectPinInterruptBothEdges  
0000075f  selectPinInterruptFallingEdge
00000805  selectPinInterruptHighLevel  
0000083f  selectPinInterruptLowLevel   
0000070f  selectPinInterruptRisingEdge 
000003f7  selectPinOpenDrainOutput     
000003a9  selectPinPushPullOutput      
00000b1b  sendData                     
00000d85  setCharacter                 
00000d03  setCursour                   
000005fd  setPinAuxFunction            
000004e3  setPinCommitControl          
000008c1  setPinValue                  
00000919  setPortValue                 
00000d49  shiftDisplay                 
00000d6d  waitBusy                     
00000ed9  waitMicrosecond              
00000bbb  writeDisplay                 


GLOBAL SYMBOLS: SORTED BY Symbol Address 

address   name                         
-------   ----                         
00000000  __TI_static_base__           
00000000  g_pfnVectors                 
00000200  __STACK_SIZE                 
0000026d  enablePort                   
00000329  disablePort                  
000003a9  selectPinPushPullOutput      
000003f7  selectPinOpenDrainOutput     
00000445  selectPinDigitalInput        
00000493  selectPinAnalogInput         
000004e3  setPinCommitControl          
0000055f  enablePinPullup              
0000058d  disablePinPullup             
000005b1  enablePinPulldown            
000005d5  disablePinPulldown           
000005fd  setPinAuxFunction            
0000070f  selectPinInterruptRisingEdge 
0000075f  selectPinInterruptFallingEdge
000007af  selectPinInterruptBothEdges  
00000805  selectPinInterruptHighLevel  
0000083f  selectPinInterruptLowLevel   
00000879  enablePinInterrupt           
0000089d  disablePinInterrupt          
000008c1  setPinValue                  
000008e7  getPinValue                  
00000919  setPortValue                 
0000099d  getPortValue                 
00000a2d  initDisp                     
00000b1b  sendData                     
00000b97  readData                     
00000bbb  writeDisplay                 
00000d03  setCursour                   
00000d49  shiftDisplay                 
00000d6d  waitBusy                     
00000d85  setCharacter                 
00000de3  __aeabi_memcpy               
00000de3  __aeabi_memcpy4              
00000de3  __aeabi_memcpy8              
00000de3  memcpy                       
00000e81  _c_int00_noinit_noargs       
00000ead  initHw                       
00000eb5  main                         
00000ed9  waitMicrosecond              
00000efd  initSystemClockTo40Mhz       
00000f0d  ResetISR                     
00000f19  _system_pre_init             
00000f1d  C$$EXIT                      
00000f1d  abort                        
20000000  __stack                      
20000000  __start___llvm_prf_cnts      
20000000  __stop___llvm_prf_cnts       
20000200  __STACK_END                  
20000200  __STACK_TOP                  
ffffffff  __TI_pprof_out_hndl          
ffffffff  __TI_prof_data_size          
ffffffff  __TI_prof_data_start         
ffffffff  __binit__                    
ffffffff  __c_args__                   
ffffffff  binit                        
UNDEFED   __mpu_init                   

[59 symbols]
