******************************************************************************
                  TI ARM Linker Unix v20.2.4                   
******************************************************************************
>> Linked Fri Feb 12 14:04:10 2021

OUTPUT FILE NAME:   <LCR_Tester.out>
ENTRY POINT SYMBOL: "_c_int00_noinit_noargs"  address: 00001385


MEMORY CONFIGURATION

         name            origin    length      used     unused   attr    fill
----------------------  --------  ---------  --------  --------  ----  --------
  FLASH                 00000000   00040000  000013f8  0003ec08  R  X
  SRAM                  20000000   00008000  00000200  00007e00  RW X


SEGMENT ALLOCATION MAP

run origin  load origin   length   init length attrs members
----------  ----------- ---------- ----------- ----- -------
00000000    00000000    000013f8   000013f8    r-x
  00000000    00000000    0000026c   0000026c    r-- .intvecs
  0000026c    0000026c    0000118c   0000118c    r-x .text
20000000    20000000    00000200   00000000    rw-
  20000000    20000000    00000200   00000000    rw- .stack


SECTION ALLOCATION MAP

 output                                  attributes/
section   page    origin      length       input sections
--------  ----  ----------  ----------   ----------------
.intvecs   0    00000000    0000026c     
                  00000000    0000026c     tm4c123gh6pm_startup_ccs.obj (.intvecs)

.text      0    0000026c    0000118c     
                  0000026c    000007c0     gpio.obj (.text)
                  00000a2c    000003b6     display.obj (.text)
                  00000de2    00000002     --HOLE-- [fill = 0]
                  00000de4    00000318     buttons.obj (.text)
                  000010fc    0000017a     main_lcr_tester.obj (.text)
                  00001276    00000002     --HOLE-- [fill = 0]
                  00001278    0000010c     lcr.obj (.text)
                  00001384    0000002c     rtsv7M4_T_le_v4SPD16_eabi.lib : boot_cortex_m.c.obj (.text:_c_int00_noinit_noargs:_c_int00_noinit_noargs)
                  000013b0    00000024     wait.obj (.text)
                  000013d4    00000010     clock.obj (.text)
                  000013e4    0000000c     tm4c123gh6pm_startup_ccs.obj (.text)
                  000013f0    00000004     rtsv7M4_T_le_v4SPD16_eabi.lib : pre_init.c.obj (.text:_system_pre_init)
                  000013f4    00000004                                   : exit.c.obj (.text:abort:abort)

.cinit     0    00000000    00000000     UNINITIALIZED

.init_array 
*          0    00000000    00000000     UNINITIALIZED

.stack     0    20000000    00000200     UNINITIALIZED
                  20000000    00000004     rtsv7M4_T_le_v4SPD16_eabi.lib : boot_cortex_m.c.obj (.stack)
                  20000004    000001fc     --HOLE--

__llvm_prf_cnts 
*          0    20000000    00000000     UNINITIALIZED

MODULE SUMMARY

       Module                         code   ro data   rw data
       ------                         ----   -------   -------
    ./
       gpio.obj                       1984   0         0      
       display.obj                    950    0         0      
       buttons.obj                    792    0         0      
       tm4c123gh6pm_startup_ccs.obj   12     620       0      
       main_lcr_tester.obj            378    0         0      
       lcr.obj                        268    0         0      
       wait.obj                       36     0         0      
       clock.obj                      16     0         0      
    +--+------------------------------+------+---------+---------+
       Total:                         4436   620       0      
                                                              
    /Applications/ti/ccs1020/ccs/tools/compiler/ti-cgt-arm_20.2.4.LTS/lib/rtsv7M4_T_le_v4SPD16_eabi.lib
       boot_cortex_m.c.obj            44     0         0      
       exit.c.obj                     4      0         0      
       pre_init.c.obj                 4      0         0      
    +--+------------------------------+------+---------+---------+
       Total:                         52     0         0      
                                                              
       Stack:                         0      0         512    
    +--+------------------------------+------+---------+---------+
       Grand Total:                   4488   620       512    


GLOBAL SYMBOLS: SORTED ALPHABETICALLY BY Name 

address   name                         
-------   ----                         
000013f5  C$$EXIT                      
000013e5  ResetISR                     
20000200  __STACK_END                  
00000200  __STACK_SIZE                 
20000200  __STACK_TOP                  
ffffffff  __TI_pprof_out_hndl          
ffffffff  __TI_prof_data_size          
ffffffff  __TI_prof_data_start         
00000000  __TI_static_base__           
ffffffff  __binit__                    
ffffffff  __c_args__                   
UNDEFED   __mpu_init                   
20000000  __stack                      
20000000  __start___llvm_prf_cnts      
20000000  __stop___llvm_prf_cnts       
00001385  _c_int00_noinit_noargs       
000013f1  _system_pre_init             
000013f5  abort                        
ffffffff  binit                        
00000e79  disableAllListen             
00000f6f  disableListen                
0000089d  disablePinInterrupt          
000005d5  disablePinPulldown           
0000058d  disablePinPullup             
00000329  disablePort                  
00000e4d  enableAllListen              
00000ea5  enableListen                 
00000879  enablePinInterrupt           
000005b1  enablePinPulldown            
0000055f  enablePinPullup              
0000026d  enablePort                   
00000000  g_pfnVectors                 
00000ffb  getButtonPressed             
000008e7  getPinValue                  
0000099d  getPortValue                 
00000de5  initButtons                  
00000a2d  initDisp                     
000010fd  initHw                       
00001279  initLCR                      
000013d5  initSystemClockTo40Mhz       
00001105  main                         
00000b97  readData                     
000012bd  runTest                      
00000493  selectPinAnalogInput         
00000445  selectPinDigitalInput        
000007af  selectPinInterruptBothEdges  
0000075f  selectPinInterruptFallingEdge
00000805  selectPinInterruptHighLevel  
0000083f  selectPinInterruptLowLevel   
0000070f  selectPinInterruptRisingEdge 
000003f7  selectPinOpenDrainOutput     
000003a9  selectPinPushPullOutput      
00000b1b  sendData                     
00000d85  setCharacter                 
00000d03  setCursour                   
00001347  setOff                       
000005fd  setPinAuxFunction            
000004e3  setPinCommitControl          
000008c1  setPinValue                  
00000919  setPortValue                 
00000d49  shiftDisplay                 
00000d6d  waitBusy                     
000013b1  waitMicrosecond              
00000bbb  writeDisplay                 


GLOBAL SYMBOLS: SORTED BY Symbol Address 

address   name                         
-------   ----                         
00000000  __TI_static_base__           
00000000  g_pfnVectors                 
00000200  __STACK_SIZE                 
0000026d  enablePort                   
00000329  disablePort                  
000003a9  selectPinPushPullOutput      
000003f7  selectPinOpenDrainOutput     
00000445  selectPinDigitalInput        
00000493  selectPinAnalogInput         
000004e3  setPinCommitControl          
0000055f  enablePinPullup              
0000058d  disablePinPullup             
000005b1  enablePinPulldown            
000005d5  disablePinPulldown           
000005fd  setPinAuxFunction            
0000070f  selectPinInterruptRisingEdge 
0000075f  selectPinInterruptFallingEdge
000007af  selectPinInterruptBothEdges  
00000805  selectPinInterruptHighLevel  
0000083f  selectPinInterruptLowLevel   
00000879  enablePinInterrupt           
0000089d  disablePinInterrupt          
000008c1  setPinValue                  
000008e7  getPinValue                  
00000919  setPortValue                 
0000099d  getPortValue                 
00000a2d  initDisp                     
00000b1b  sendData                     
00000b97  readData                     
00000bbb  writeDisplay                 
00000d03  setCursour                   
00000d49  shiftDisplay                 
00000d6d  waitBusy                     
00000d85  setCharacter                 
00000de5  initButtons                  
00000e4d  enableAllListen              
00000e79  disableAllListen             
00000ea5  enableListen                 
00000f6f  disableListen                
00000ffb  getButtonPressed             
000010fd  initHw                       
00001105  main                         
00001279  initLCR                      
000012bd  runTest                      
00001347  setOff                       
00001385  _c_int00_noinit_noargs       
000013b1  waitMicrosecond              
000013d5  initSystemClockTo40Mhz       
000013e5  ResetISR                     
000013f1  _system_pre_init             
000013f5  C$$EXIT                      
000013f5  abort                        
20000000  __stack                      
20000000  __start___llvm_prf_cnts      
20000000  __stop___llvm_prf_cnts       
20000200  __STACK_END                  
20000200  __STACK_TOP                  
ffffffff  __TI_pprof_out_hndl          
ffffffff  __TI_prof_data_size          
ffffffff  __TI_prof_data_start         
ffffffff  __binit__                    
ffffffff  __c_args__                   
ffffffff  binit                        
UNDEFED   __mpu_init                   

[64 symbols]
