******************************************************************************
                  TI ARM Linker Unix v20.2.4                   
******************************************************************************
>> Linked Fri Feb 12 22:57:54 2021

OUTPUT FILE NAME:   <LCR_Tester.out>
ENTRY POINT SYMBOL: "_c_int00_noinit_noargs"  address: 00001531


MEMORY CONFIGURATION

         name            origin    length      used     unused   attr    fill
----------------------  --------  ---------  --------  --------  ----  --------
  FLASH                 00000000   00040000  000015ac  0003ea54  R  X
  SRAM                  20000000   00008000  00000200  00007e00  RW X


SEGMENT ALLOCATION MAP

run origin  load origin   length   init length attrs members
----------  ----------- ---------- ----------- ----- -------
00000000    00000000    000015ac   000015ac    r-x
  00000000    00000000    0000026c   0000026c    r-- .intvecs
  0000026c    0000026c    00001338   00001338    r-x .text
  000015a4    000015a4    00000008   00000008    r-- .const
20000000    20000000    00000200   00000000    rw-
  20000000    20000000    00000200   00000000    rw- .stack


SECTION ALLOCATION MAP

 output                                  attributes/
section   page    origin      length       input sections
--------  ----  ----------  ----------   ----------------
.intvecs   0    00000000    0000026c     
                  00000000    0000026c     tm4c123gh6pm_startup_ccs.obj (.intvecs)

.text      0    0000026c    00001338     
                  0000026c    00000910     gpio.obj (.text)
                  00000b7c    000003b6     display.obj (.text)
                  00000f32    00000002     --HOLE-- [fill = 0]
                  00000f34    00000378     buttons.obj (.text)
                  000012ac    00000176     main_lcr_tester.obj (.text)
                  00001422    00000002     --HOLE-- [fill = 0]
                  00001424    0000010c     lcr.obj (.text)
                  00001530    0000002c     rtsv7M4_T_le_v4SPD16_eabi.lib : boot_cortex_m.c.obj (.text:_c_int00_noinit_noargs:_c_int00_noinit_noargs)
                  0000155c    00000024     wait.obj (.text)
                  00001580    00000010     clock.obj (.text)
                  00001590    0000000c     tm4c123gh6pm_startup_ccs.obj (.text)
                  0000159c    00000004     rtsv7M4_T_le_v4SPD16_eabi.lib : pre_init.c.obj (.text:_system_pre_init)
                  000015a0    00000004                                   : exit.c.obj (.text:abort:abort)

.const     0    000015a4    00000008     
                  000015a4    00000008     gpio.obj (.const:.string:$P$T0$1)

.cinit     0    00000000    00000000     UNINITIALIZED

.init_array 
*          0    00000000    00000000     UNINITIALIZED

.stack     0    20000000    00000200     UNINITIALIZED
                  20000000    00000004     rtsv7M4_T_le_v4SPD16_eabi.lib : boot_cortex_m.c.obj (.stack)
                  20000004    000001fc     --HOLE--

__llvm_prf_cnts 
*          0    20000000    00000000     UNINITIALIZED

MODULE SUMMARY

       Module                         code   ro data   rw data
       ------                         ----   -------   -------
    ./
       gpio.obj                       2320   8         0      
       display.obj                    950    0         0      
       buttons.obj                    888    0         0      
       tm4c123gh6pm_startup_ccs.obj   12     620       0      
       main_lcr_tester.obj            374    0         0      
       lcr.obj                        268    0         0      
       wait.obj                       36     0         0      
       clock.obj                      16     0         0      
    +--+------------------------------+------+---------+---------+
       Total:                         4864   628       0      
                                                              
    /Applications/ti/ccs1020/ccs/tools/compiler/ti-cgt-arm_20.2.4.LTS/lib/rtsv7M4_T_le_v4SPD16_eabi.lib
       boot_cortex_m.c.obj            44     0         0      
       exit.c.obj                     4      0         0      
       pre_init.c.obj                 4      0         0      
    +--+------------------------------+------+---------+---------+
       Total:                         52     0         0      
                                                              
       Stack:                         0      0         512    
    +--+------------------------------+------+---------+---------+
       Grand Total:                   4916   628       512    


GLOBAL SYMBOLS: SORTED ALPHABETICALLY BY Name 

address   name                         
-------   ----                         
000015a1  C$$EXIT                      
00001591  ResetISR                     
20000200  __STACK_END                  
00000200  __STACK_SIZE                 
20000200  __STACK_TOP                  
ffffffff  __TI_pprof_out_hndl          
ffffffff  __TI_prof_data_size          
ffffffff  __TI_prof_data_start         
00000000  __TI_static_base__           
ffffffff  __binit__                    
ffffffff  __c_args__                   
UNDEFED   __mpu_init                   
20000000  __stack                      
20000000  __start___llvm_prf_cnts      
20000000  __stop___llvm_prf_cnts       
00001531  _c_int00_noinit_noargs       
0000159d  _system_pre_init             
000015a1  abort                        
ffffffff  binit                        
00001271  buttonPressed                
00000959  clearPinInterrupt            
00000ff9  disableAllListen             
000010ef  disableListen                
00000915  disablePinInterrupt          
000005d5  disablePinPulldown           
0000058d  disablePinPullup             
00000329  disablePort                  
00000fcd  enableAllListen              
00001025  enableListen                 
00000879  enablePinInterrupt           
000005b1  enablePinPulldown            
0000055f  enablePinPullup              
0000026d  enablePort                   
00000000  g_pfnVectors                 
0000117b  getButtonPressed             
00000a37  getPinValue                  
00000acf  getPortValue                 
000012b5  handleButtonPressed          
00000f35  initButtons                  
00000b7d  initDisp                     
000012ad  initHw                       
00001425  initLCR                      
00001581  initSystemClockTo40Mhz       
0000132f  main                         
00000ce7  readData                     
00001469  runTest                      
00000493  selectPinAnalogInput         
00000445  selectPinDigitalInput        
000007af  selectPinInterruptBothEdges  
0000075f  selectPinInterruptFallingEdge
00000805  selectPinInterruptHighLevel  
0000083f  selectPinInterruptLowLevel   
0000070f  selectPinInterruptRisingEdge 
000003f7  selectPinOpenDrainOutput     
000003a9  selectPinPushPullOutput      
00000c6b  sendData                     
00000ed5  setCharacter                 
00000e53  setCursour                   
000014f3  setOff                       
000005fd  setPinAuxFunction            
000004e3  setPinCommitControl          
00000a11  setPinValue                  
00000a5b  setPortValue                 
00000e99  shiftDisplay                 
00000ebd  waitBusy                     
0000155d  waitMicrosecond              
00000d0b  writeDisplay                 


GLOBAL SYMBOLS: SORTED BY Symbol Address 

address   name                         
-------   ----                         
00000000  __TI_static_base__           
00000000  g_pfnVectors                 
00000200  __STACK_SIZE                 
0000026d  enablePort                   
00000329  disablePort                  
000003a9  selectPinPushPullOutput      
000003f7  selectPinOpenDrainOutput     
00000445  selectPinDigitalInput        
00000493  selectPinAnalogInput         
000004e3  setPinCommitControl          
0000055f  enablePinPullup              
0000058d  disablePinPullup             
000005b1  enablePinPulldown            
000005d5  disablePinPulldown           
000005fd  setPinAuxFunction            
0000070f  selectPinInterruptRisingEdge 
0000075f  selectPinInterruptFallingEdge
000007af  selectPinInterruptBothEdges  
00000805  selectPinInterruptHighLevel  
0000083f  selectPinInterruptLowLevel   
00000879  enablePinInterrupt           
00000915  disablePinInterrupt          
00000959  clearPinInterrupt            
00000a11  setPinValue                  
00000a37  getPinValue                  
00000a5b  setPortValue                 
00000acf  getPortValue                 
00000b7d  initDisp                     
00000c6b  sendData                     
00000ce7  readData                     
00000d0b  writeDisplay                 
00000e53  setCursour                   
00000e99  shiftDisplay                 
00000ebd  waitBusy                     
00000ed5  setCharacter                 
00000f35  initButtons                  
00000fcd  enableAllListen              
00000ff9  disableAllListen             
00001025  enableListen                 
000010ef  disableListen                
0000117b  getButtonPressed             
00001271  buttonPressed                
000012ad  initHw                       
000012b5  handleButtonPressed          
0000132f  main                         
00001425  initLCR                      
00001469  runTest                      
000014f3  setOff                       
00001531  _c_int00_noinit_noargs       
0000155d  waitMicrosecond              
00001581  initSystemClockTo40Mhz       
00001591  ResetISR                     
0000159d  _system_pre_init             
000015a1  C$$EXIT                      
000015a1  abort                        
20000000  __stack                      
20000000  __start___llvm_prf_cnts      
20000000  __stop___llvm_prf_cnts       
20000200  __STACK_END                  
20000200  __STACK_TOP                  
ffffffff  __TI_pprof_out_hndl          
ffffffff  __TI_prof_data_size          
ffffffff  __TI_prof_data_start         
ffffffff  __binit__                    
ffffffff  __c_args__                   
ffffffff  binit                        
UNDEFED   __mpu_init                   

[67 symbols]
